# name: test_synonyms[cat]
  <class 'list'> [
  ]
---
# name: test_synonyms[dog]
  <class 'list'> [
  ]
---
# name: test_synonyms[factory]
  <class 'list'> [
    'factory',
    'mill',
    'manufacturing_plant',
    'manufactory',
  ]
---
# name: test_synonyms[fetcher]
  <class 'list'> [
  ]
---
# name: test_synonyms[serializer]
  <class 'list'> [
  ]
---
