# name: test_back_and_forth_strategy[Regex for redacted phone numbers with extra info for PlayStation]
  <class 'list'> [
    <class 'list'> [
      'redact',
      'number',
      'regex',
    ],
    <class 'list'> [
      'redact',
      'phone',
      'number',
      'regex',
    ],
    <class 'list'> [
      'redact',
      'phone',
      'number',
      'regex',
    ],
    <class 'list'> [
      'extra',
      'info',
      'redact',
      'phone',
      'number',
      'regex',
    ],
    <class 'list'> [
      'PlayStation',
      'extra',
      'info',
      'redact',
      'phone',
      'number',
      'regex',
    ],
    <class 'list'> [
      'PlayStation',
      'extra',
      'info',
      'redact',
      'phone',
      'number',
      'regex',
    ],
    <class 'list'> [
      'PlayStation',
      'info',
      'redact',
      'phone',
      'number',
      'regex',
    ],
    <class 'list'> [
      'PlayStation',
      'info',
      'redact',
      'phone',
      'number',
      'regex',
    ],
    <class 'list'> [
      'extra',
      'info',
      'redact',
      'number',
      'regex',
    ],
    <class 'list'> [
      'PlayStation',
      'extra',
      'info',
      'redact',
      'number',
      'regex',
    ],
    <class 'list'> [
      'PlayStation',
      'extra',
      'info',
      'redact',
      'number',
      'regex',
    ],
    <class 'list'> [
      'PlayStation',
      'info',
      'redact',
      'number',
      'regex',
    ],
    <class 'list'> [
      'PlayStation',
      'info',
      'redact',
      'number',
      'regex',
    ],
    <class 'list'> [
      'phone',
      'redact',
      'number',
      'regex',
    ],
    <class 'list'> [
      'phone',
      'redact',
      'number',
      'regex',
    ],
    <class 'list'> [
      'extra',
      'info',
      'phone',
      'redact',
      'number',
      'regex',
    ],
    <class 'list'> [
      'PlayStation',
      'extra',
      'info',
      'phone',
      'redact',
      'number',
      'regex',
    ],
    <class 'list'> [
      'PlayStation',
      'extra',
      'info',
      'phone',
      'redact',
      'number',
      'regex',
    ],
    <class 'list'> [
      'PlayStation',
      'info',
      'phone',
      'redact',
      'number',
      'regex',
    ],
    <class 'list'> [
      'PlayStation',
      'info',
      'phone',
      'redact',
      'number',
      'regex',
    ],
    <class 'list'> [
      'phone',
      'number',
      'regex',
    ],
    <class 'list'> [
      'extra',
      'info',
      'phone',
      'number',
      'regex',
    ],
    <class 'list'> [
      'PlayStation',
      'extra',
      'info',
      'phone',
      'number',
      'regex',
    ],
    <class 'list'> [
      'PlayStation',
      'extra',
      'info',
      'phone',
      'number',
      'regex',
    ],
    <class 'list'> [
      'PlayStation',
      'info',
      'phone',
      'number',
      'regex',
    ],
    <class 'list'> [
      'PlayStation',
      'info',
      'phone',
      'number',
      'regex',
    ],
    <class 'list'> [
      'extra',
      'info',
      'number',
      'regex',
    ],
    <class 'list'> [
      'PlayStation',
      'extra',
      'info',
      'number',
      'regex',
    ],
    <class 'list'> [
      'PlayStation',
      'extra',
      'info',
      'number',
      'regex',
    ],
    <class 'list'> [
      'PlayStation',
      'info',
      'number',
      'regex',
    ],
    <class 'list'> [
      'PlayStation',
      'info',
      'number',
      'regex',
    ],
  ]
---
# name: test_back_and_forth_strategy[Stick element after scroll has passed the element]
  <class 'list'> [
    <class 'list'> [
      'element',
      'pass',
      'stick',
    ],
    <class 'list'> [
      'element',
      'pass',
      'stick',
    ],
    <class 'list'> [
      'element',
      'element',
      'after',
      'pass',
      'after',
      'stick',
    ],
    <class 'list'> [
      'element',
      'element',
      'after',
      'pass',
      'after',
      'stick',
    ],
    <class 'list'> [
      'element',
      'element',
      'scroll',
      'pass',
      'after',
      'stick',
    ],
    <class 'list'> [
      'element',
      'element',
      'scroll',
      'pass',
      'after',
      'stick',
    ],
    <class 'list'> [
      'element',
      'element',
      'pass',
      'after',
      'stick',
    ],
    <class 'list'> [
      'element',
      'element',
      'pass',
      'after',
      'stick',
    ],
    <class 'list'> [
      'element',
      'element',
      'pass',
      'after',
      'stick',
    ],
    <class 'list'> [
      'element',
      'element',
      'pass',
      'after',
      'stick',
    ],
    <class 'list'> [
      'element',
      'element',
      'after',
      'pass',
      'scroll',
      'stick',
    ],
    <class 'list'> [
      'element',
      'element',
      'after',
      'pass',
      'scroll',
      'stick',
    ],
    <class 'list'> [
      'element',
      'element',
      'scroll',
      'pass',
      'scroll',
      'stick',
    ],
    <class 'list'> [
      'element',
      'element',
      'scroll',
      'pass',
      'scroll',
      'stick',
    ],
    <class 'list'> [
      'element',
      'element',
      'pass',
      'scroll',
      'stick',
    ],
    <class 'list'> [
      'element',
      'element',
      'pass',
      'scroll',
      'stick',
    ],
    <class 'list'> [
      'element',
      'element',
      'pass',
      'scroll',
      'stick',
    ],
    <class 'list'> [
      'element',
      'element',
      'pass',
      'scroll',
      'stick',
    ],
    <class 'list'> [
      'element',
      'stick',
    ],
    <class 'list'> [
      'element',
      'stick',
    ],
    <class 'list'> [
      'element',
      'after',
      'stick',
      'after',
    ],
    <class 'list'> [
      'element',
      'scroll',
      'stick',
      'after',
    ],
    <class 'list'> [
      'element',
      'stick',
      'after',
    ],
    <class 'list'> [
      'element',
      'stick',
      'after',
    ],
    <class 'list'> [
      'element',
      'after',
      'stick',
      'scroll',
    ],
    <class 'list'> [
      'element',
      'scroll',
      'stick',
      'scroll',
    ],
    <class 'list'> [
      'element',
      'stick',
      'scroll',
    ],
    <class 'list'> [
      'element',
      'stick',
      'scroll',
    ],
  ]
---
# name: test_back_and_forth_strategy[allow chat communication for authenticated users]
  <class 'list'> [
    <class 'list'> [
      'chat',
      'communication',
      'authenticate',
      'user',
      'allow',
    ],
    <class 'list'> [
      'chat',
      'communication',
      'allow',
    ],
    <class 'list'> [
      'authenticate',
      'user',
      'allow',
    ],
  ]
---
# name: test_back_and_forth_strategy[generate an authentication token for offline users]
  <class 'list'> [
    <class 'list'> [
      'token',
      'generate',
    ],
    <class 'list'> [
      'authentication',
      'token',
      'generate',
    ],
    <class 'list'> [
      'authentication',
      'token',
      'generate',
    ],
    <class 'list'> [
      'offline',
      'user',
      'authentication',
      'token',
      'generate',
    ],
    <class 'list'> [
      'offline',
      'user',
      'token',
      'generate',
    ],
  ]
---
# name: test_back_and_forth_strategy[serializer for contact roles]
  <class 'list'> [
    <class 'list'> [
      'contact',
      'role',
      'serializer',
    ],
  ]
---
